2876,20,654.015855,181.7885,6670
7689,83,4825.55520,1404.675,22520
