2413,4,161.92962,46.292,458
3423,2,98.57552,23.944,185
