<s:employeeFuelRecords xmlns:s="http://www.so2w.org"><s:employeeFuelRecord employeeId="2413"><s:gasFillUpCount>4</s:gasFillUpCount><s:totalFuelCost>161.92962</s:totalFuelCost><s:totalGallons>46.292</s:totalGallons><s:totalMilesAccrued>458</s:totalMilesAccrued></s:employeeFuelRecord><s:employeeFuelRecord employeeId="3423"><s:gasFillUpCount>2</s:gasFillUpCount><s:totalFuelCost>98.57552</s:totalFuelCost><s:totalGallons>23.944</s:totalGallons><s:totalMilesAccrued>185</s:totalMilesAccrued></s:employeeFuelRecord></s:employeeFuelRecords>