<s:employeeFuelRecords xmlns:s="http://www.so2w.org"><s:employeeFuelRecord employeeId="2876"><s:gasFillUpCount>20</s:gasFillUpCount><s:totalFuelCost>654.015855</s:totalFuelCost><s:totalGallons>181.7885</s:totalGallons><s:totalMilesAccrued>6670</s:totalMilesAccrued></s:employeeFuelRecord></s:employeeFuelRecords>