<s:employeeFuelRecords xmlns:s="http://www.so2w.org"><s:employeeFuelRecord employeeId="7689"><s:gasFillUpCount>83</s:gasFillUpCount><s:totalFuelCost>4825.55520</s:totalFuelCost><s:totalGallons>1404.675</s:totalGallons><s:totalMilesAccrued>22520</s:totalMilesAccrued></s:employeeFuelRecord></s:employeeFuelRecords>