<s:employeeFuelRecords xmlns:s="http://www.so2w.org"><s:employeeFuelRecord employeeId="2876"><s:gasFillUpCount>20</s:gasFillUpCount><s:totalFuelCost>654.015855</s:totalFuelCost><s:totalGallons>181.7885</s:totalGallons><s:totalMilesAccrued>6670</s:totalMilesAccrued></s:employeeFuelRecord><s:employeeFuelRecord employeeId="7689"><s:gasFillUpCount>83</s:gasFillUpCount><s:totalFuelCost>4825.55520</s:totalFuelCost><s:totalGallons>1404.675</s:totalGallons><s:totalMilesAccrued>22520</s:totalMilesAccrued></s:employeeFuelRecord></s:employeeFuelRecords>