<s:employeeFuelRecords xmlns:s="http://www.so2w.org"><s:employeeFuelRecord employeeId="2312"><s:gasFillUpCount>2</s:gasFillUpCount><s:totalFuelCost>179.23521</s:totalFuelCost><s:totalGallons>37.906</s:totalGallons><s:totalMilesAccrued>270</s:totalMilesAccrued></s:employeeFuelRecord></s:employeeFuelRecords>