[
    {
        "employeeId": 2876,
        "gasFillUpCount": 20,
        "totalFuelCost": 654.015855,
        "totalGallons": 181.7885,
        "totalMilesAccrued": 6670
    }
]
