[
    {
        "employeeId": 2876,
        "gasFillUpCount": 20,
        "totalFuelCost": 654.015855,
        "totalGallons": 181.7885,
        "totalMilesAccrued": 6670
    },
    {
        "employeeId": 7689,
        "gasFillUpCount": 83,
        "totalFuelCost": 4825.55520,
        "totalGallons": 1404.675,
        "totalMilesAccrued": 22520
    }
]
