[
    {
        "employeeId": 2312,
        "gasFillUpCount": 2,
        "totalFuelCost": 179.23521,
        "totalGallons": 37.906,
        "totalMilesAccrued": 270
    }
]
