[
    {
        "employeeId": 7689,
        "gasFillUpCount": 83,
        "totalFuelCost": 4825.55520,
        "totalGallons": 1404.675,
        "totalMilesAccrued": 22520
    }
]
